// Jest Snapshot v1, https://goo.gl/fbAQLP

exports[`renders correctly 1`] = `
<Text
  style={
    [
      {
        "color": "#1D1B20",
      },
      undefined,
      undefined,
      {
        "fontFamily": "Roboto",
        "fontSize": 16,
        "fontWeight": "400",
        "letterSpacing": 0.15,
        "lineHeight": 24,
      },
      undefined,
      undefined,
      undefined,
      undefined,
      undefined,
      undefined,
      undefined,
    ]
  }
>
  Snapshot test!
</Text>
`;
